套用人物設定 cast/tempest.default.json：7 
人（陳金水、張鐵雄、林美華、阿海、阿旺、黃秀英、阿德）
開跑前檢查通過。
──────────────────────────── 第1天 06:00  (tick 0) ─────────────────────────────
陳金水 
空廟沒用，海神不領情。我得去廣場那邊看看，把人趕上來，或者至少讓他們知道該往這兒
走。
    → 前往 廣場
張鐵雄 
現在時間還太早，焊水門急不得，但也得先去海堤看看情況，看能不能逮到個可靠的作證人
。
    → 前往 海堤
林美華 
天色還早，但暴潮不等人，得趕快把陳金水和張鐵雄找出來，先把最重要的醮和閘搞定。
    → 前往 廣場
✦ 阿海向路邊的人打聽了幾句。
阿海 大清早的，不知道阿旺那傢伙在哪，先確認一下人在哪，再拚命衝過去接人。
✦ 阿旺向路邊的人打聽了幾句。
阿旺 
這雲色跟潮聲太不對勁了，得先知道阿海在哪，然後拼命趕回漁港，要是讓他以為我也被困
在海裡，那這小子絕對會做出傻事。
黃秀英 廣場是全鎮的中心，去那裡找人最快。阿德在那，正好問問村長在哪，免得亂跑。
    → 前往 廣場
✦ 阿德向路邊的人打聽了幾句。
阿德 廣場上冷清得很，鐵雄不在這兒。先用探潮找人，省得像無頭蒼蠅一樣亂跑。
──────────────────────────── 第1天 06:10  (tick 1) ─────────────────────────────
張鐵雄 
現在時辰還早，這閘現在焊死就是斷了漁民的活路，得先看看閘板生鏽的情況，等潮色變了
再說。
    → 檢查水閘是否有生鏽卡死的跡象，同時眺望外海的潮色。
阿海 阿旺還在海上，得快點去漁港，晚了就趕不及接人了。
    → 前往 漁港
阿旺 阿海在糧倉沒在港口晃，這最好。得抓緊時間回漁港，海門一關就完了。
    → 前往 漁港
黃秀英 
林美華就在廣場邊上，正好，不用多跑腿。得趕快把撤離順序定下來，不然這人潮擠起來就
完了。
    → 
「村長！暴潮快來了，這廣場留不住人，我先上高地接應，妳趕快帶人清場，先讓老弱撤上
高地，壯丁再去顧醮和閘！」
阿德 
鐵雄那死木頭居然真躲在鋪子裡，沒焊閘前他不能走。現在我就去鐵鋪找人，再拖下去海就
要淹上來了。
    → 前往 鐵鋪
◆ 阿海：先趕到漁港，對準外海那條船放訊號／接人／走到了漁港
──────────────────────────── 第1天 06:20  (tick 2) ─────────────────────────────
✦ 林美華對阿德說了一番話，聽的人神色鬆動。
林美華 
阿德要往鐵鋪走，正好，讓他去盯著鐵雄焊閘，我得趕去鎮廟找陳金水起醮，兩邊不能空。
✦ 阿海向路邊的人打聽了幾句。
阿海 
人到了港邊，心裡反而更慌。阿旺到底在哪，我得先知道他還有多久能進港，才能決定要不
要去擋鐵雄。
黃秀英 
林美華就在不遠處，不能再讓他跑掉，先攔住他確認撤離計畫。陳金水既然在這，正好順道
讓他配合安排。
    → 前往 廣場
阿德 村長這話說得是，鐵雄這死木頭就得有人盯著，我這就去鐵鋪把他拎出來。
    → 前往 鐵鋪
──────────────────────────── 第1天 06:30  (tick 3) ─────────────────────────────
陳金水 
秀英就在這，得趕緊讓她幫忙。只要她開口，大家才肯聽，不然光是我這個廟公叫，他們心
裡怕，亂跑會更糟。
    → 
「秀英，這潮不對勁。妳幫我把廣場的人往廟那邊趕，那邊得有人看醮，這是救命的，快去
！」
張鐵雄 
現在浪還沒起來，水門絕不能動。我得在海堤守著，等潮訊確切的那一刻，再看看能不能逮
到哪個倒霉鬼過來幫我作證。
林美華 
阿德往鐵鋪去了，得攔下他交代一聲，讓他去盯著鐵雄焊閘，我得趕緊去鎮廟找陳金水，這
兩邊一步都不能慢。
    → 前往 街道
✦ 阿海向路邊的人打聽了幾句。
阿海 
現在人已經在港邊了，但光站在這沒用，得知道阿旺離港到底有多遠。一定要在鐵雄焊死閘
門前把他接回來。
黃秀英 美華就在眼前，必須讓她當領頭羊把人趕走，我也能趕快撤到高地接人。
黃秀英 
美華走得太快了，再不追上，這廣場一亂就全完了。陳金水那邊先敷衍一句，先把村長抓回
來談定撤離順序最重要。
    → 前往 街道
※ 阿海 
想通了：阿旺這傢伙船速太慢，我光守在漁港空等，他進不來我也接不到。；鐵雄那人做事
太絕，只要他一去海堤，不管阿旺在哪，他都會直接焊死水門，我不能讓這事發生。
──────────────────────────── 第1天 06:40  (tick 4) ─────────────────────────────
陳金水 
秀英在這裡最好辦事，她平日裡看診人心穩，這時候只要她一句話，廣場的人才肯往廟裡挪
，不然光靠我這老廟公喊破喉嚨也沒用。
    → 
「秀英，我這把老骨頭喊不動人了，妳幫忙勸勸大夥，往鎮廟走，廟裡得有人見證起醮，這
不僅是拜神，是保命的法子！」
張鐵雄 
海面還是太平靜了，這時候焊閘就是斷人財路。再等等，觀察潮色變化，看看能不能等到人
過來作證。
    → 檢查海堤水閘的生鏽程度與機關結構，同時觀察海面潮色。
林美華 
秀英在，正好。廣場那邊要是有點風吹草動大家肯定亂，得先讓秀英去穩住場面，我得趕緊
去鎮廟找陳金水起醮，這事兒不能拖。
    → 
「秀英，廣場那邊要是有人慌了，麻煩妳先去穩著，叫大家往高地撤！我得趕去鎮廟找金水
叔起醮。」
✦ 阿海向路邊的人打聽了幾句。
阿海 
光站在這吹海風沒用，阿旺還在海上晃，我得先知道離他多近，再趕快去海堤攔住鐵雄，那
傢伙焊起閘門來可是六親不認的。
黃秀英 
美華就在這，再不把她拉住說定撤離順序，等一下廣場擠起來就真的完了。陳金水那邊的事
，等我有空再說。
黃秀英 
美華就在那，不能再磨蹭，先湊過去把撤離次序定死，不然等會人一擠真的會死人。陳金水
那邊先放一放，沒命撤離，做醮也沒人用。
    → 前往 廣場
※ 黃秀英 
想通了：林美華在廣場這帶走得很快，若不先縮短到三格內的距離，我的絕技派工根本使不
出來。；陳金水雖然著急做醮，但若沒有撤離秩序，人潮在廣場擠壓的風險遠高於沒人看醮
的風險。
──────────────────────────── 第1天 06:50  (tick 5) ─────────────────────────────
陳金水 
廣場上人氣已經亂了，再不快點，到時候就是一團散沙往高地擠，廟裡沒人醮就做不成。秀
英說話比我有分量，得讓她帶頭喊人。
    → 
「秀英，這廣場上人越來越多，心也越來越散。拜託妳帶個頭，讓大家往廟那走，只要到了
廟門口，剩下的我來扛！」
林美華 
秀英走太快了，得先追上去。廣場沒人鎮著我不放心，先把她交代好，我就能往廟裡去。
    → 前往 廣場
✦ 阿海提氣使出飛毛腿，腳下快了不止一倍。
阿海 
阿旺還在海上，鐵雄那瘋子肯定急著想焊閘。我得用最快速度趕去海堤，只要我不讓他動手
，阿旺就有活路。
黃秀英 
林美華在街道，距離不遠，先過去把她截住。陳金水那邊的要求先擱著，疏散順序與高地的
安全才是最重要的，如果不把村長定在疏散計畫上，這場撤離就會變成踩踏災難。
    → 前往 街道
阿德 
奇怪，剛才明明聽說他在鋪子裡，怎麼現在又跑去海堤了？這傢伙動作比我還快。得趕緊追
過去，不然海堤那邊沒人盯著，他肯定又要在那磨蹭。
    → 前往 海堤
黃秀英 
金水只惦記著他的醮，他哪知道人擠起來會死多少人。村長林美華就在那邊，非得趁現在截
住她談定撤離順序，不然全完了。
    → 前往 街道
◆ 阿德：找到張鐵雄，讓他來焊水門／見到了張鐵雄
※ 阿德 
想通了：張鐵雄人就在鐵鋪，焊閘工具都在他手裡，這是唯一能焊死水門的人，必須讓他立
刻帶上工具出發。；林美華叮囑要「盯著」他，說明鐵雄這人可能會有變數，我不能只找到
人，還得確保他把閘門焊死。
──────────────────────────── 第1天 07:00  (tick 6) ─────────────────────────────
陳金水 
秀英一直沒點頭，再磨蹭下去人都要亂跑了。不管她有沒有真的答應，我得先行動，至少先
把人往廟裡導引。
    → 
「秀英，我先去廟裡起香，妳就當為了全村的命，幫我穩住後面的人，一定要帶人往廟門走
！」
張鐵雄 
現在焊閘太早，等於斷了漁民的路。得先問問阿德這守望人眼下的潮色，順便先打個招呼，
待會焊閘時有個能作證的人。
    → 
「阿德，這潮色你怎麼看？我這水閘生鏽得厲害，待會風雨一來，這閘我得封死，到時候你
得過來幫我頂著作證。」
林美華 
秀英走得快，得趕上她，交代她去穩住廣場的人，否則待會大家亂跑就麻煩了。我也得抓緊
時間去廟裡找金水叔。
    → 前往 街道
✦ 阿海向路邊的人打聽了幾句。
阿海 
站在這裡瞎等也沒用，先探探阿旺到底在哪個位置，要是離得遠，我就得先去海堤那邊擋住
鐵雄，給他爭取進港的時間。
黃秀英 
廟公急著找人看醮，但廣場人這麼多，沒人指揮會亂成一團。我得先把村長截住，把疏散順
序定下來，不然大家都死在踩踏裡。
    → 前往 廣場
阿德 
鐵雄就在海堤上，但他只是在看水門，還沒動手。得催他，潮不等我們，得讓他把工具箱搬
過來焊死。
    → 
「鐵雄！別只看著水閘了，林美華交代了，現在就把它焊死！再晚潮頭就要上岸了！」
黃秀英 
廟公這老頭急著做醮，但我得先把村長按住。林美華正朝我走來，正好攔下她確立撤離計畫
，不能讓她轉身又去別處忙亂。
    → 前往 廣場
──────────────────────────── 第1天 07:10  (tick 7) ─────────────────────────────
陳金水 
秀英是個聰明人，我這最後一喊她若還不動，我也沒法子了。這會兒得趕緊回廟裡擺香案，
再晚就來不及了。
    → 
「秀英，我就先回廟裡了，人若還有慌的，妳幫我帶幾個人過來，廟門開著等你們。」
張鐵雄 
現在才七點多，外海潮色還沒變，這時候焊閘就是斷漁船的路。阿德這守望人是不是急糊塗
了？我得讓他冷靜點，別聽村長亂指揮，但我確實需要他在場作證，先穩住他。
    → 
「阿德，你是守望人，外海現在連白線都沒起，這閘一焊，外面的船全得撞礁石。你守著別
動，潮訊一到，我自然會動手，到時候你得幫我把這閘鎖死！」
林美華 
秀英走得真快，得趕上她，交代她去穩住廣場，接著我就得馬上衝去廟裡找金水叔，時間不
夠了。
    → 前往 廣場
阿海 
船還在外海，鐵雄那個硬脾氣肯定要去焊閘了。我得趕快去海堤守著，只要阿旺沒靠岸，誰
也別想把門焊死。
    → 前往 海堤
阿旺 
風浪越來越不對了，再不快點就回不去了。阿海在糧倉，得趕快趕回碼頭，免得那傻小子跑
來海邊送死。
    → 前往 漁港
黃秀英 
美華要走，得趕緊追上去，不然沒法子跟她講清楚撤離的事。金水伯那邊先擱著，人命關天
，疏散優先。
    → 前往 街道
阿德 
鐵雄這傢伙還在問我怎麼看？都這時候了，再不封閘全鎮都要完，我得把他釘死在海堤上趕
緊幹活。
    → 
「鐵雄，別管潮色了，你看那雲，馬上就壓下來了！你現在就焊，我這雙眼死死盯著，絕對
給你作證，快動手！」
黃秀英 
廟公這時候回去起醮太早，廣場人亂，沒有村長把關，人往廟裡擠會出踩踏。我得先截住林
美華，把人往高地疏散的路徑定下來，再去管廟裡的事。
    → 前往 街道
──────────────────────────── 第1天 07:20  (tick 8) ─────────────────────────────
陳金水 這雲壓得太低，沒時間再囉嗦了，秀英這姑娘懂輕重，得趕緊回廟把香案擺好。
    → 前往 鎮廟
張鐵雄 
阿德這傻小子，沒見過這暴潮真正的吞噬力。現在焊是自殺，再等一刻，就一刻，看清楚那
道白線再動手，否則船毀人亡，這罪我擔不起。
    → 
「阿德，你給我閉嘴！現在焊，外面的船全得死在海面上！我眼睛沒瞎，雲壓下來了我就會
動，你給我守好那閘口，誰來了都別放走，這是我作證的位子。」
林美華 
秀英走得飛快，得趕上她，廣場沒個定心骨不行。交代完我就得直奔鎮廟，金水叔那邊不能
空轉。
    → 前往 街道
黃秀英 
林美華正往廣場去，那邊人雜，如果不先截住她確立疏散路線，到時候全擠在路口就完了。
至於陳金水那邊，人命優先，沒疏散好就沒有後續的看醮。
    → 前往 廣場
✦ 阿德向路邊的人打聽了幾句。
阿德 
鐵雄這固執的傢伙還在顧慮船，我得先弄清楚阿旺離多遠。如果船還沒進航道，這閘不焊就
是送死。
阿德 
這倔老頭在賭運氣。但他要是真想焊，我確實沒法子逼他快，得先弄清楚阿旺離港到底有多
遠，不然焊了閘就是親手埋人。
※ 陳金水 
想通了：黃秀英雖然懂得安撫人心，但她畢竟不是廟公，指望她把人趕來廟裡是不保險的，
我得靠自己把香案搞定。；雲壓這麼低，潮要來了，與其在廣場浪費口水，不如在廟裡敲鐘
，讓聲音傳出去。
※ 張鐵雄 
想通了：阿德雖然被村長的指令搞得心慌，但他已經明確答應留下來作證，這是我目前唯一
的保障。；林美華的急令忽視了外海船隻的安危，過早封閘等同於謀殺，我不能盲目聽從她
的指示。
※ 林美華 
想通了：黃秀英走得實在太快，我不該浪費時間追她，廣場的秩序得找更有把握的人手處理
。；沒有親眼見到陳金水或張鐵雄，醮與閘都不算數，必須優先確認這兩人的行動。
※ 阿海 
想通了：阿旺至今仍在外海漁船，這證明他回港的速度極慢，我必須做好在海堤長期對峙鐵
雄的準備。；我已經站到海堤了，這裡就是擋住鐵雄、保住水閘的最後防線，絕不能再隨意
離開。
※ 黃秀英 
想通了：林美華雖然身為村長，但此刻心神已亂，我不能再追著她試圖建立共識，必須在她
出現的瞬間強硬下令，由我主導疏散順序。；陳金水的做醮是救命的符，但如果他繼續把廣
場的人群往廟裡催，那邊反而會因推擠變成踩踏死地，我必須阻止他將人流盲目引向廟宇。
※ 阿德 
想通了：張鐵雄不是不敢焊，是在等一個不害死外海兄弟的時間點，我亂逼只會壞事。；我
的「探潮」能隨時查阿旺位置，這是我現在最大的價值，得盯緊了，別亂跑。
──────────────────────────── 第1天 07:30  (tick 9) ─────────────────────────────
張鐵雄 
雲壓得低，但那道白線還沒出來，現在焊就是殺了外海的人。得繼續穩住阿德，別讓他現在
就把水門給封了，得再爭取時間。
林美華 
秀英走得再快，要是醮沒起、門沒焊，廣場安穩了也沒用。現在第一要務是去鐵鋪找張鐵雄
，把水門的事拍板定下來。
    → 前往 鐵鋪
阿海 
阿旺還在海上，這裡就是最後的防線。我哪也不能去，鐵雄隨時會來，我要盯緊這個水閘，
誰敢動手就讓他好看。
黃秀英 
廣場上人潮聚得太快，要是這時候大家全湧向鎮廟，非出人命不可。得趕緊截住林美華，要
把疏散的指揮權從廟公手裡搶過來，先往高地去才是正經。
    → 前往 高地
阿德 
鐵雄現在站在海堤看著海，肯定是心裡有數。阿旺那條船還沒進港，太早焊閘就是斷阿旺生
路，這時候不能硬逼，只能跟他一起守著。
    → 前往 海堤
◆ 阿德：守在海堤，確認閘還能不能封／走到了海堤
──────────────────────────── 第1天 07:40  (tick 10) ────────────────────────────
陳金水 
廟裡一個人也沒有，光擺香案沒用，得讓全鎮的人聽到鎮廟的鐘聲，把他們引過來。我現在
就去敲那口鏽鐘，聲響能傳得比我的嗓門遠。
    → 敲響鎮廟的古鐘
張鐵雄 
阿德這傢伙，心亂了。外海連個影都沒看見，現在動手就是要把回航的船活活憋死在外面，
我絕不能讓這種事發生。
阿海 
阿旺還沒回來，現在海堤這裡空蕩蕩的，鐵雄那傢伙隨時會帶著傢伙過來。我得死死盯著水
閘，別讓他趁我不注意動手。
✦ 阿德向路邊的人打聽了幾句。
阿德 
這海浪聲不太對，這潮比預想的快。得用探潮確認阿旺那船還離港口多遠，給鐵雄判斷的依
據。
──────────────────────────── 第1天 07:50  (tick 11) ────────────────────────────
張鐵雄 阿德還是慌得很，但他被我喝住不敢動。外面還沒看見白線，絕不能現在焊。
阿海 
風浪越來越大，阿旺還沒回來，鐵雄那傢伙隨時可能帶著傢伙來這焊門。不能鬆懈，我得在
這盯著，直到看見阿旺那艘船進港。
阿德 
人找到了，但我不能光讓張鐵雄焊閘，那樣阿旺就真回不來了。我得讓他知道阿旺還在海上
，讓他拿捏這最後的窗口期。
    → 
「鐵雄，我剛探過潮了，阿旺的船還在外海，這閘你要是現在焊死，他就真的進不來了。」
張鐵雄 
阿德已經動搖了，但他現在明白如果現在焊閘意味著什麼。我必須讓他死守在這裡，只要我
不動，他也沒辦法自己焊，我得撐到最後一刻。
    → 
「守好你的位子！現在封閘就是讓他們去死，再等等。我不動，這閘就開著，你別慌。」
◆ 阿旺：在水閘焊死、暴潮上岸之前，自己赶回漁港上岸／走到了漁港
◆ 黃秀英：把林美華找到，確認誰該先撤／見到了林美華
──────────────────────────── 第1天 08:00  (tick 12) ────────────────────────────
陳金水 
鐘聲還不夠大，如果只有我一個人在這空廟裡敲，傳得出去嗎？不管了，只要沒看到兩個人
進來，我就不能起醮，只能繼續敲下去。
    → 敲響鎮廟的大鐘
張鐵雄 
阿德現在總算清醒點了，知道船在外海。我得守死這個閘口，不到最後一刻絕不焊，這才是
救人的唯一辦法。
阿海 
這地方冷得要命，但只要鐵雄敢帶焊槍過來，我就得第一時間擋在他前面。阿旺啊，你這死
小子，船再不開快點，我就真的要跟鐵雄在這海堤上拼老命了。
✦ 阿旺向路邊的人打聽了幾句。
阿旺 
這鬼天氣真是要人命，好不容易才回來。阿海要是以為我還在海上，肯定會發瘋，得趕快去
找他，把他從糧倉拖出來撤到安全的地方。
✦ 黃秀英對林美華說了一番話，聽的人神色鬆動。
黃秀英 
林美華就在前面，這女人心慌意亂的，得趁她還沒發號施令前先把話說死，疏散不能全擠去
廟宇，高地才是活路。
✦ 阿德向路邊的人打聽了幾句。
阿德 
鐵雄說得對，現在封就是斷人後路。我得先探探那艘船到哪了，才好跟他說個準確的死線。
✦ 林美華對黃秀英說了一番話，聽的人神色鬆動。
林美華 
秀英說得對，高地那邊若卡住，上去多少死多少。我現在走不開，這事得交給她，我必須把
人手派出去，自己直奔鐵鋪。
※ 阿德 
想通了：阿旺已經進了漁港，這意味著最後一個在外的人已安全，現在是封死水門的唯一時
機。；張鐵雄一直不焊閘是在等船，現在我必須明確告訴他阿旺已回港，讓他無後顧之憂。
──────────────────────────── 第1天 08:10  (tick 13) ────────────────────────────
