從 t00012.json 分支，tick=12
開跑前檢查通過。
──────────────────────────── 第1天 08:00  (tick 12) ────────────────────────────
陳金水 
鐘聲一響，全鎮都該聽見了，希望秀英或是那些慌亂的村民能聽見，快點往這裡走。
    → 用力撞響廟裡的古鐘，讓鐘聲在鎮上迴盪，把人引過來
張鐵雄 
阿德開始懂了，外海還有人。只要他願意等，我就能再爭取一點時間，等那條白線出現再動
手。現在焊下去就是判死刑，絕不能現在動手。
    → 
「阿德，你既然看見了阿旺還在外面，就該知道現在焊閘是在殺人。守住你的崗位，白線一
到我自然會動手，這期間誰叫你焊也別理。」
阿海 
這裡就是最後一道防線，鐵雄只要過來，我就得想辦法拖住他。阿旺還沒靠岸，這門閘要是
被焊死，他就真的沒命了。
阿旺 
我已經到漁港了，得馬上往糧倉去。如果阿海以為我還在海上，他肯定會衝到海堤或者港口
來找我，那裡現在危險得很。
    → 前往 糧倉
✦ 阿德向路邊的人打聽了幾句。
阿德 
鐵雄就在這，我也到了，現在最重要的就是看清楚外海的船到底在哪，再跟他說，讓他心裡
有個底。
阿德 
鐵雄心裡有底，現在逼他就是逼死阿旺。既然我這雙眼睛是鎮子的保險，那我就守好海堤，
白線一到，我會第一個告訴他。
※ 阿德 
想通了：阿旺的船已經進了漁港，這意味著焊死水門的最後一個障礙已經排除，現在就是動
手的時機。；張鐵雄並不是在逃避責任，他是真的在等待阿旺進港，我作為探潮者的情報，
是他判斷焊閘時間點的唯一依據。
──────────────────────────── 第1天 08:10  (tick 13) ────────────────────────────
張鐵雄 
阿德知道阿旺還在海上，他現在冷靜下來了，這樣正好。林美華看樣子是要去鐵鋪找我，我
得讓她知道焊閘的事由我判斷，別來干擾。
    → 
「阿德，守好這裡，外海沒看見白線壓過來之前，這閘動不得。誰來催都一樣，你給我在這
盯死，我就能保這水門焊得住。」
林美華 鐵雄人就在海堤，我得趕緊過去，沒當面盯著他不一定會動手，這水門必須焊死。
    → 前往 海堤
阿海 
阿旺還在外海，要是鐵雄這時候冒出來動手，我就得跟他槓上。在這裡盯著，哪也不去。
阿德 阿旺人回港了，鐵雄就在眼前，不能再拖。現在不封閘，亥時一到大家全完。
    → 「鐵雄，阿旺已經進漁港了。別管其他的，現在就把閘給焊死！」
◆ 林美華：當面把張鐵雄說動／對上話，確認焊水門／見到了張鐵雄
──────────────────────────── 第1天 08:20  (tick 14) ────────────────────────────
陳金水 
鐘聲迴盪這麼久了，不知道有沒有人聽進心裡。這時候還沒人上廟，若是再沒人來，我也只
能下山去廣場硬攔了。
    → 繼續用力撞鐘，同時站在廟門口往廣場方向眺望，看有沒有人影往廟這兒趕。
張鐵雄 
阿旺進港了，那最後一個障礙沒了。現在人都在，海潮的氣息也到了，沒什麼好等的，動手
。
林美華 
阿旺進港了，鐵雄心裡有數，現在最要緊的是鎮廟的醮。得趕快過去，沒醮這鎮保不住。
    → 前往 鎮廟
阿海 
風越來越大，雲壓得很低，鐵雄那個鐵匠隨時會過來。我就守在這，只要我在，他別想把閘
門焊死。
✦ 阿旺向路邊的人打聽了幾句。
阿旺 
明明都說他在這，怎麼人又不在？這小子要是衝去海邊找我，那才真的是麻煩大了。用絕技
再探一次，看他現在到底貓在哪裡。
阿德 
鐵雄這人說話算話，只要盯緊海面就行。美華來了正好，把這裡的情況交待清楚，別讓她來
催，擾了鐵雄的心。
    → 
「村長，鐵雄在這。他有分寸，在等外海那條線。這裡我守著，一有變我會示警，妳先去安
頓別處的人，別在這耽誤他起火。」
林美華 
阿德既然能守，海堤這邊暫時就交給他。金水叔那邊還沒動靜，我得趕快去廟裡催他，沒起
醮，誰都活不了。
    → 前往 鎮廟
◆ 黃秀英：自己先撤到高地，做疏散的節點／走到了高地
※ 張鐵雄 
想通了：阿德雖然慌了，但他回報阿旺已進港，這意味著最後一條漁船的威脅解除，我可以
更專注在防守海堤上。；離亥時還太早，現在焊閘等於廢了水門，阿德與林美華的催促都是
因為恐懼，絕不能聽從。
──────────────────────────── 第1天 08:30  (tick 15) ────────────────────────────
張鐵雄 
阿德幫我擋了村長，算這小子還有點眼力。現在最重要的就是盯死那條白線，不能早焊，也
不能晚封。
阿海 
美華往廟裡走，看來是去張羅醮事，那是她的事。我得死守這水閘，鐵雄隨時會出現，阿旺
的船沒影，這門絕對不能焊死。
阿旺 
阿海那小子果然跑去海堤了，肯定是以為我還沒回來，趕去那裡想找我。那地方現在風浪那
麼大，他一個人太危險了，我得立刻趕過去把他拉回來。
    → 前往 海堤
黃秀英 
高地雖然安全，但人都在廣場跟廟那邊，我一個人待在這兒救不了誰。得趕緊回廣場，把那
邊亂竄的人往這兒轟。
    → 前往 廣場
✦ 阿德向路邊的人打聽了幾句。
阿德 
鐵雄這人我不催他，但他也在等訊號。用最後一次探潮確認阿旺船位和潮勢，讓他心裡有個
底，不能再拖了。
※ 阿旺 
想通了：阿海衝去海堤找我，是因為他以為我還困在海上，這小子根本沒在考慮自己的安危
。；只要阿海還認為我沒上岸，他就不會離開海堤，我也勸不走他，得先讓他看到我還活著
。
──────────────────────────── 第1天 08:40  (tick 16) ────────────────────────────
陳金水 
鐘敲得再響也沒人來，看來大家是被這鬼天氣嚇傻了，或者乾脆往海堤那邊跑去看熱鬧。不
能在廟裡乾耗，我得去廣場把人攔住帶回來。
    → 前往 廣場
張鐵雄 
阿旺進港了就好。但現在就焊，天都還沒變，這水門焊死就是把生路堵死。阿德這小子又在
催，得把他穩住，讓他睜大眼睛看清楚雲跟浪，別老想著那道死命令。
    → 
「阿旺進來了就行。現在天色還沒壓下來，那道白線還在遠處，急什麼？給我盯好了，等浪
真的要拍上臉的時候，我自然會動手，誰都不許走開。」
阿海 
阿旺這時候還沒靠岸，鐵雄那瘋子隨時可能過來，我一步都不能離開海堤。林美華既然路過
，正好提醒她別讓鐵雄那傢伙隨便焊門，拖得一時是一時。
    → 
「村長，阿旺的船還沒進港，那水門絕不能現在焊死！你跟鐵雄說一聲，別讓他這麼急著動
手，不然就是把阿旺往死路推！」
阿德 
阿旺的船剛進港，時間不能再拖了。鐵雄就在旁邊，現在就是最後的機會，得讓他動手。
阿德 
阿旺都進港了還不趕緊動手，這傢伙真是把命當賭注。但他是鐵匠，我也只能信他對潮水的
判斷，再多催也沒用。
林美華 
阿海急瘋了，但水門不能不焊，我只能先安撫他，祈禱阿旺的船比潮頭快。接著必須趕去鎮
廟找陳金水，醮沒起，誰都活不了。
    → 
「阿海，你聽著，水門焊不焊得看潮頭。鐵雄心裡有數，你現在去漁港把船引進來，這比你
在這喊有用得多，快去！」
◆ 阿海：親自把阿旺接上岸／當面對上他／見到了阿旺
◆ 阿旺：上岸後找到好兄弟阿海／見到了阿海
※ 林美華 
想通了：張鐵雄是個心裡有底的師傅，既然他說等白線，那他一定會等到那一刻，我不用在
鐵鋪盯著，現在能放手讓他去封水門。；阿海這孩子雖然急，但只要給他明確的活兒，他就
能變成護住兄弟的力氣，而不是只會在那裡乾慌。
※ 阿德 
想通了：張鐵雄對於「白線」的判斷極其保守，他非要親眼見到浪才動，這是在拿全鎮的命
在走鋼索。；阿旺既已進港，張鐵雄再無後顧之憂，現在是逼他立刻動手的最後黃金時機，
不可再拖。
──────────────────────────── 第1天 08:50  (tick 17) ────────────────────────────
張鐵雄 
阿旺進港了，人命沒了顧慮。趁潮訊逼近，現在不動手更待何時，得抓著阿德幫我盯著。
✦ 林美華對阿海說了一番話，聽的人神色鬆動。
林美華 
阿海這孩子心急如焚，與其攔著他不讓他槓上鐵雄，不如給他一個更有用的活兒，讓他去把
阿旺帶回來。
阿海 
阿旺已經上岸，這小子沒事就好。既然美華姐這麼說，但我不能走，鐵雄還沒過來，我不守
著這道門心裡不踏實。
    → 「阿旺！船停穩了就別往海堤湊，去高地，那邊才安全，聽到了沒！」
阿旺 
阿海這傻子，以為我還在海上，在那邊拚命想攔住鐵雄。我得趕緊讓他知道我人已經上岸了
，不然他會為了救我不顧危險留在那裡。
    → 「阿海！我上岸了！別管那水門了，快跟我回高地！」
阿德 
這傢伙性格我知道，他既然說了會焊，那就真的會焊。與其在那邊催他，不如我盯緊海面，
省得他分心。
※ 阿海 
想通了：阿旺已經上岸，我死守海堤的唯一執念達成，現在沒必要再像瘋狗一樣對著鐵雄狂
吠，該把力氣花在疏散上。；林美華肯出面擔保去盯著鐵雄，這比我繼續跟鐵雄硬碰硬有效
，相信村長的權威與安排是目前最好的選擇。
──────────────────────────── 第1天 09:00  (tick 18) ────────────────────────────
陳金水 
廣場這邊連個鬼影都沒有，我在這乾耗著做什麼？得趕緊回廟裡敲鐘，把鐘聲傳出去，才有
人會往廟這兒走。
    → 前往 鎮廟
張鐵雄 
現在浪還沒起，焊了閘就等於自斷生路。阿旺既然已經回港，我只需要守著這裡，等那道白
線真正壓過來再動手。
    → 
「阿德，別催了。閘現在焊死就是死路一條。給我盯著海面，白線一到，我自然會焊。」
林美華 
阿海雖然心急，但還有理智，知道要叫人往高地走。既然鐵雄那邊說通了，當務之急還是廟
裡的香，沒起醮，這場暴潮就沒人壓得住。
    → 前往 鎮廟
阿海 
阿旺總算平安上岸了，懸著的心終於放下。既然他都回來了，海堤這裡交給村長去管，我得
趕緊帶著他往高地去，免得潮水真上來時又出岔子。
    → 前往 高地
阿旺 這臭小子，自己命都快沒了還在管我。我不去高地，我得把他拉走。
    → 「阿海！老子已經上岸了！別管什麼堤不堤的，跟我往高地跑！」
黃秀英 
現在廣場還是太亂，既然人已經在趕往高地的路上了，我就待在路口守著。要是有人卡住或
者開始推擠，我就得出手穩住局面。
阿德 
鐵雄說得對，這閘現在動了會害人，但我也不能掉以輕心。海如果不對勁，就算他想等我也
得逼他下手。
阿德 
這倔老頭非要等那一線死潮，但我也不能真讓他等到水灌進來才動。我就盯著海面，再有什
麼異象，看他還能找什麼理由不動手。
    → 盯著海面觀察潮汐變化
阿海 
阿旺這小子活著回來了，什麼焊閘、什麼救命，全都不重要了。現在馬上帶他上高地，這才
是正事。
    → 前往 高地
──────────────────────────── 第1天 09:10  (tick 19) ────────────────────────────
張鐵雄 
才剛九點，焊閘的事急不得，現在封死等於斷了這段時間的航路。得讓阿德別像個陀螺一樣
轉個不停，先穩住他，等浪頭真正逼近再說。
    → 
「阿德，船都進港了，你急什麼？閘門焊死就真的沒退路了，把眼睛給我死死盯著海面，白
線一到我自然會動手，這之前誰也別想讓我碰那閘板。」
林美華 
阿旺這小子命大，居然上岸了，那阿海也不用去拼命了。得趕快去鎮廟找陳金水，這老頑固
要是還沒起醮，今晚全鎮都要交代在這裡。
    → 前往 鎮廟
阿旺 
阿海那渾小子叫我去高地，自己卻守著那破閘。他以為我是去送死，其實他自己才是那個想
送死的。林美華村長在那兒，剛好請她幫忙，這硬漢只有村長的名義或許能壓得住。
    → 
「村長！海堤那邊阿海還在死守，他不肯撤！妳得叫人把他趕去高地，他那脾氣我不親自把
他拖走他不信我活著，妳幫忙盯著點！」
黃秀英 
剛剛還在想怎麼攔下美華，原來我已經在高地了。高地現在清靜，但我得守住這裡，若之後
廣場混亂人群湧上來，我得確保路別堵死。
阿德 這老頑固，既然船都回來了還在等什麼？再拖下去命都沒了，非得逼他現在就動手。
    → 
「鐵雄，船都進港了，你還要等什麼！亥時沒封水閘，海就把整村吞了，現在就焊，馬上！
」
林美華 
阿旺竟然已經回來了，這比預期快。他想去海堤拖走阿海，那是好事，讓他去處理阿海，我
正好直奔鎮廟找金水伯確認起醮。別再耽擱，這陣風已經不對勁了。
    → 
「阿旺，既然你回來了就快去，把阿海從海堤拖上高地去！鎮廟那邊我去盯着，別廢話，趕
緊動身！」
※ 阿旺 
想通了：阿海認定我在海上遇險，這小子把救我當成了唯一的執念，單純告訴他我上岸了根
本沒用，他非得親眼看見我的人，才能從那種發瘋的狀態醒過來。；指望林美華村長用命令
把阿海趕走是靠不住的，阿海在海堤那邊的死勁，除了我之外，誰也動不了他。
──────────────────────────── 第1天 09:20  (tick 20) ────────────────────────────
陳金水 
廟裡靜得像死，沒人聽見我就沒戲。先敲響這口鏽鐘，不管有沒有人，先讓這聲音傳遍大街
小巷，把那些迷途的魂兒引過來。
    → 用力敲響鎮廟那口鏽鐘
張鐵雄 
既然船都進港了，那道催命的閘終於可以動了。阿德這老小子雖然慌，但在旁邊看著正好給
我作證，免得有人說我亂封。
✦ 林美華對阿旺說了一番話，聽的人神色鬆動。
林美華 
阿旺回來了，既然他想去海堤處理阿海，這正是最好的安排，讓他去我也能專心去鎮廟確認
起醮。
阿海 
阿旺已經上岸了，鐵雄愛怎麼焊就怎麼焊吧，這水閘是村裡的命脈，我攔著才是害人。現在
得趕快把大家往高地趕，這才是最重要的。
    → 
「別吵了，阿旺人已經上岸了！鐵雄，水門你趕緊焊吧，村裡人能不能活就看這門了，我這
就去高地幫忙疏散！」
阿旺 
村長這話說得對，阿海那死腦筋我不去拽他，他真會把自己填進海堤裡。先別廢話，衝去海
堤把人扛走。
    → 前往 海堤
黃秀英 
雖然任務都完成了，但廣場這兒要是沒人看著，待會人群亂衝還是會出事。我在這兒多待一
會，有人來就趕他們上高地，不能讓廣場變成塞人的死地。
阿德 
鐵雄這悶葫蘆還在猶豫什麼？外海船都回了，水閘再不焊，難道要等潮水把命填進去嗎？
    → 
「鐵雄，別盯著看了，阿旺的船剛進港，現在不動手，你想等海神親自來幫你焊閘嗎？動手
！」
阿旺 村長這話說得對，阿海那倔脾氣除了我沒人能動，現在就去海堤把他扛回來。
    → 前往 海堤
張鐵雄 
阿旺進港是好事，但現在焊閘太早，浪沒起，閘就成了擺設，下午那波大潮要是衝破這裡，
我再去哪裡找補？得讓阿德冷靜下來，這事我鐵雄說了算。
    → 
「阿德，閉嘴。船進港那是運氣好，現在焊閘是自斷後路。等浪頭那道白線真正逼近，我自
然會動手，到時候有你作證，少不了你那一分。」
※ 張鐵雄 
想通了：阿旺進港，漁民的生路保住了，我不再需要為了接應船隻而猶豫，現在唯一的任務
就是死守海堤。；阿德雖然心慌得要死，但他肯死守崗位這點值得利用，只要讓他盯著白線
看，他就是我焊閘時最好的見證人，絕對不能讓他離開。
──────────────────────────── 第1天 09:30  (tick 21) ────────────────────────────
張鐵雄 
阿旺船都進了，這小子還是慌得要命。再等一會，那條白線沒壓過來之前，這閘要是焊了就
是自廢武功。
    → 
「阿德，你盯緊了，要是看見海平線那條白線真壓過來了，再叫我動手。現在別吵，再吵心
就亂了。」
林美華 
阿旺這時候往海堤去就是送死，他跟阿海湊一塊只會讓事情變更難辦。我得先穩住他，把他
叫上高地，然後我就直接去鎮廟找金水伯，時間真的不夠了。
    → 
「阿旺！別往海堤跑，那裡要封死水門了，你現在立刻給我上高地，或者去鎮廟幫忙顧醮，
那邊更缺人手！」
阿海 
阿旺平安進港，我的心頭大石終於放下了。鐵雄既然要焊閘，那就讓他焊，這是保命的正事
，我該抓緊時間去高地幫美華疏散群眾。
    → 前往 高地
黃秀英 
剛剛還在高地，現在怎麼又跑到廣場了？不管了，這地方人多混亂，雖然林美華那邊溝通完
了，但這些滯留的人若不疏散到高地，一樣會出事。
    → 前往 高地
阿德 
這老鐵匠還在死撐，再拖下去浪頭到了就來不及了。既然阿旺已經回港，就沒理由再等死，
我必須強硬逼他現在就動手。
    → 
「鐵雄！阿旺都上岸了，船也進港了！你還要等什麼？這海浪沒跟你講情面這回事，現在不
焊，等水漫進來你就是有天大的本事也沒地方讓你焊！」
阿旺 
林美華這女人話變來變去的，反正阿海還在海堤，我不去把他撈出來，難道留在這裡聽人碎
碎念嗎？
    → 前往 海堤
