從 t00012.json 分支，tick=12
開跑前檢查通過。
──────────────────────────── 第1天 08:00  (tick 12) ────────────────────────────
陳金水 
鐘敲得這麼響，還是沒半個人影，難道真的都要死在海堤邊嗎？我再敲最後幾下，沒人來，
我就得親自衝下去撈人。
    → 用力撞擊廟裡的古鐘，讓鐘聲在鎮上迴盪
張鐵雄 
阿德總算聽進去了，那小子現在知道這閘不能隨便動。但我不能一直待著不動，得準備好工
具，隨時等那道白線。
    → 檢查水閘的鐵栓與焊料，確認隨時可以動手。
阿海 
這裡風很大，阿旺還在外面，我不走。鐵雄那個硬脾氣的傢伙要是敢帶著傢伙來，我就跟他
耗，這門絕對不能焊死。
阿旺 
呼，終於踏上碼頭了，這鬼天氣越來越瘋。阿海這小子肯定還在糧倉等消息，得趕緊過去找
他，免得他以為我沒回來，跑去海邊送命。
    → 前往 糧倉
✦ 阿德向路邊的人打聽了幾句。
阿德 
鐵雄在等，我也在等。既然人都在這了，得幫他看清楚阿旺那船還離多遠，別讓他等到最後
一刻才發現來不及。
※ 阿德 
想通了：阿旺的船已經進了漁港，那個死心眼鐵雄這下沒藉口再拖了。；張鐵雄這人技術硬
但性格死，他不是怕焊，是在等一個我給他許可，他才能安心動手。
──────────────────────────── 第1天 08:10  (tick 13) ────────────────────────────
林美華 
秀英走得挺快，但水門才是命根子。鐵雄就在前面不遠的海堤，剛好，先把他這關拍板定下
來。
    → 前往 海堤
阿海 
這地方風大浪急，鐵雄那傢伙隨時會過來，我得盯緊了。只要阿旺的船還沒進港，誰也別想
動這水門。
阿德 
鐵雄就在眼前，而且看樣子他已經準備好了。阿旺人已在漁港，沒有船在外海，現在不動手
更待何時？
    → 「鐵雄，阿旺剛進了漁港，外海沒船了。動手焊吧，別讓海浪灌進來。」
張鐵雄 阿旺安全進港了，現在焊閘正合適，這防線不能再拖了。
◆ 林美華：當面把張鐵雄說動／對上話，確認焊水門／見到了張鐵雄
──────────────────────────── 第1天 08:20  (tick 14) ────────────────────────────
陳金水 
鐘敲啞了也沒人來，看來人都擠在廣場或者想往海邊跑。指望人自己上門是等死，我得親自
下山把人趕上來。
    → 前往 廣場
張鐵雄 外海已經沒船了，阿旺也進了港，現在封閘不會害到誰，該幹活了。
林美華 
阿德消息真快，既然阿旺船回來了，那就沒什麼好猶豫的。得趕緊叮囑鐵雄，然後去鎮廟抓
金水叔。
    → 「鐵雄，既然外海沒船了，馬上焊！我不希望潮水進一寸！焊完立刻上高地！」
阿海 阿旺還在海上，鐵雄那個鐵匠隨時會過來，我在這守著，誰也別想動這道閘。
✦ 阿旺向路邊的人打聽了幾句。
阿旺 
跑了一大圈回到糧倉，結果阿海人呢？這小子該不會以為我沒回來，跑去海邊了吧，得趕快
用探潮確認他位置。
阿德 人都在了，潮頭快到，沒時間讓鐵雄再猶豫。現在開工，剛好在暴潮淹過來前封死。
    → 「鐵雄，別看了，再拖下去誰都走不了，現在就把閘焊死！」
張鐵雄 
阿德說船都進港了，那這道閘現在就是全鎮的命根子。林美華急歸急，這命令倒沒錯，焊完
再走。
◆ 黃秀英：自己先撤到高地，做疏散的節點／走到了高地
※ 張鐵雄 
想通了：阿德和林美華都說外海沒船了，但我還沒看見真正的『潮訊』——那道海面白線，現
在焊死水閘等於白白自斷後路，我不信官府的催促，只信我這雙眼。；阿德現在心已經亂了
，他被林美華的指令嚇破了膽，必須強硬地把他釘在閘口，別讓他因為慌亂而強行要我動手
。
──────────────────────────── 第1天 08:30  (tick 15) ────────────────────────────
張鐵雄 
這兩個人的心都亂了，我不信他們說的『沒船』，我只信我看見的。阿德不能跑，得把他釘
在閘口，別讓這傢伙又被村長勸動跑去別處。
    → 
「阿德，水閘的事我自有分寸，沒看到那道白線之前誰也別想動。你就站在這，哪也別去，
幫我看緊海面，有動靜立刻喊我。」
林美華 
鐵雄那邊已經對上了，阿德在旁邊盯著也好，我得趕快趕去鎮廟找陳金水。時間不多，醮沒
做起來，焊死水門也沒用。
    → 前往 鎮廟
阿海 這裡空蕩蕩的，鐵雄遲早會來，我得盯緊海面，同時守好這水閘。
阿旺 
這小子，竟然跑去海堤了？那邊現在危險得很，鐵雄在那焊閘，萬一阿海這蠢貨去亂攔怎麼
辦。得趕快趕過去把他拉回來，這潮頭可不是鬧著玩的。
    → 前往 海堤
黃秀英 
我已經在高地了，這是疏散的終點。但現在一個人也沒有，我得在這裡等，或者找機會把那
些還在廣場猶豫的人往上趕。如果人不上來，這裡就是座孤島。
阿德 
林美華這話說得夠硬，鐵雄也沒藉口拖了。我得給這場收尾，讓他知道我會守好堤口，專心
幹活就行。
    → 「鐵雄，我盯著潮頭，你儘管燒，沒焊好前我哪也不去。」
※ 阿旺 
想通了：阿海那傢伙肯定以為我沒回來，才急得跑去海堤想找鐵雄麻煩，他那點衝動要是鬧
起來，大家都得賠命。；「探潮」只能幫我找到位置，攔不住他的躁勁，我必須親自趕過去
，哪怕晚一分鐘他都可能把事情搞砸。
──────────────────────────── 第1天 08:40  (tick 16) ────────────────────────────
陳金水 
廣場空蕩蕩的，看來沒人聽勸往廟裡跑，再耗下去這場醮就真的做不成了。我得趕快回廟裡
守著，哪怕是騙也是哄，廟門口一定得有人。
    → 前往 鎮廟
張鐵雄 
阿德總算明白守閘的重要了。現在海面還沒見白線，還不是時候，再等等，那道白線才是真
的信號。
    → 
「別慌，還不到時候。那道白線沒出現，這閘一焊就沒迴旋餘地。你盯好海面，一有動靜，
我馬上動手。」
林美華 
鐵雄那邊穩住了，阿德在那看著，我得趕快去鎮廟找陳金水。醮沒做出來，再多水門也擋不
住海。
    → 前往 鎮廟
阿海 
美華往鎮廟去了，正好，離這越遠越好，省得等下跟鐵雄起衝突時礙手礙腳。我現在守在海
堤，只要鐵雄敢過來，我就讓他知道閘門沒那麼好焊。
黃秀英 
這裡清靜歸清靜，但如果廣場那邊沒把人趕上來，高地也是空的。得去廣場附近盯著，必要
時直接把人往這趕。
    → 前往 廣場
✦ 阿德向路邊的人打聽了幾句。
阿德 
鐵雄這固執的傢伙還在等白線，我得確認一下外面到底有沒有船，如果沒船了，我就有底氣
逼他現在動手。
阿德 
鐵雄這死腦筋，他怕的是這閘一焊，船就回不來。但現在這天色...我得盯著海面，那道白
線一露頭，我就要逼他立刻焊閘，一刻也不能拖。
    → 
「行，我盯著，眼珠子都不眨。你工具備好，那線一到，不管誰在外面，閘都得焊死！」
◆ 阿海：親自把阿旺接上岸／當面對上他／見到了阿旺
◆ 阿旺：上岸後找到好兄弟阿海／見到了阿海
※ 林美華 
想通了：只要把如阿德這樣可靠的人派去守住崗位，我就能騰出手去處理其他關鍵事項，不
必事必躬親。；與其疲於追逐人群去勸導，不如直接把定下來的執行者與監督者連結，執行
率遠高於口頭喊話。
※ 阿德 
想通了：張鐵雄不是真的怕船回不來，他是對「白線」有種近乎迷信的堅持，光說「阿旺回
來了」已經不夠，必須把潮水逼近的危險強壓在他面前。；阿旺已經安全上了街道，現在焊
水門沒有任何外在牽掛，張鐵雄如果再以『沒看見白線』為由拖延，就是在親手把鎮子推向
滅頂。
──────────────────────────── 第1天 08:50  (tick 17) ────────────────────────────
張鐵雄 
阿德現在總算冷靜了，既然他答應盯著，我就守好工具。在那道白線湧起前，誰催都不動，
現在只能等。
    → 在海堤盯著外海，觀察海面是否有白線湧起的潮訊
阿海 
阿旺這小子總算上岸了，命保住了就好。先把人拉過來，確認他沒受傷，再看看接下來怎麼
辦。
    → 前往 漁市
阿旺 
這小子真的在海堤，鐵雄那脾氣要是真跟阿海槓上，兩個人都得死在潮水裡。得把他拽走，
別管那破閘了，命要緊。
    → 前往 海堤
阿德 
阿旺人都在街上了，沒人再卡在海上。鐵雄這死木頭還在等什麼？這閘現在不焊，等潮水真
的灌進來就全完了。
    → 「鐵雄！阿旺人在街上了，外海沒船了。別等什麼白線，現在就給我把閘焊死！」
張鐵雄 
外海那道白線還沒出來，只要還沒見到那道浪，閘門就還不能封，這是不變的規矩。但我得
讓阿德盯緊點，別讓他因為急躁而誤了正事。
    → 
「急什麼，連海的面相都沒變，現在封閘就是廢了我們自己的退路。你守好位子，浪一起我
自然會動手，跑不掉的。」
※ 阿海 
想通了：阿旺已經安全上岸，我保住好兄弟的底線，現在不需要再為了他而跟鐵雄拼命了。
；既然阿旺無虞，鐵雄焊水門就是保護全庄，我不應該再攔著他，反而該去幫忙焊閘。
──────────────────────────── 第1天 09:00  (tick 18) ────────────────────────────
陳金水 
廟裡還是沒人，再等下去就是等死。我得去廣場，既然秀英帶不動，我就直接把人趕過來，
哪怕硬拉也要拉幾個過來做證。
    → 前往 廣場
張鐵雄 
阿德這傢伙被嚇壞了，沒看到白線動手就是找死。我得讓他安靜下來，繼續守在閘口，別讓
他跑去瞎嚷嚷。
    → 
「阿德，閉嘴盯著海。那道線沒來之前，你敢動這閘一下試試？這閘是我鐵雄的，生死關頭
，聽我的還是聽風聲的？」
阿海 
阿旺平安上了岸，我也就放心了。現在這節骨眼，鐵雄焊水門是為了全庄，我去幫忙還來得
及。
    → 「阿旺！人平安就好，你趕緊往高地走，這兒我來接手。」
阿德 
這傢伙還在等，以為自己看得到浪頭，再拖下去海就真的要進來了。既然人都已經在海堤，
我就要讓他現在就把那道死門焊死。
    → 
「鐵雄，你信你的眼，我信我的職責。浪一起就來不及了，外海沒燈號，現在不焊，你想讓
全鎮跟你一起陪葬嗎？動手！」
阿旺 
這小子以為我能活命就不管別人了？海堤那邊鐵雄要是焊一半被阿海擋住，兩個人都得死在
那，我不能讓他一個人去送死。
    → 「你這渾蛋，我也跑回來了，現在聽我的，去高地，我去海堤看著鐵雄。」
※ 張鐵雄 
想通了：阿德雖然慌張，但他對我還有敬畏，只要我展現絕對的權威，他就不敢擅自離開閘
口或強行干涉。；林美華的急令不僅是恐慌的產物，更是干擾專業判斷的雜音，必須對她保
持距離，不能讓她牽著鼻子走。
──────────────────────────── 第1天 09:10  (tick 19) ────────────────────────────
張鐵雄 
阿德急得快瘋了，但他越急越不能讓他碰閘。再等一刻，只要白線沒出現，這閘就不能焊，
否則就是對鎮上的失職。
    → 
「阿德，你急什麼？我的眼睛沒瞎，現在焊死，漁港就廢了。你看那海上，白線還沒起，你
給我站穩了，別想著亂動我的傢伙。」
✦ 林美華對阿海說了一番話，聽的人神色鬆動。
林美華 
阿海跟阿旺碰頭了，這兩人能活命是最好。現在我得立刻去鎮廟盯死陳金水，醮沒起，一切
都白費。
阿海 
這小子總算回來了，命硬。既然人都安全了，就沒必要再攔著鐵雄，現在最要緊的是快點幫
忙把閘焊死，不然潮頭一過大家都得沒命。
    → 前往 海堤
阿旺 這傢伙居然還在漁市發呆，沒去海堤鬧事就好，得趕緊把他押去高地。
    → 「阿海，船進不了港了，別想了，現在跟我往高地走，那邊才有活路！」
黃秀英 
我已經在高地了，這是疏散的最佳節點。但我不該只待著，廣場如果擠成一團，人根本上不
來，得去看看有沒有誰落單或是還在磨蹭。
阿德 
這臭鐵匠還在跟我犟這道線！海風都灌進來了，外海哪裡還有人影？再等下去就不是等救命
，是等送命。
    → 
「鐵雄，你睜大眼睛看清楚，這浪頭的色澤變了！阿旺的船早就不在航道上了，你還要拿全
鎮人的命賭那道線？今天這水閘不封死，我們誰都別想活著見明天！」
阿海 
阿旺人活著回來了，心頭大石終於放下了。既然危機解除，鐵雄要焊門就焊吧，現在聽村長
的把人帶上高地，再去廣場幫忙才是正經事。
    → 「走，上高地，聽村長的。我陪你去。」
──────────────────────────── 第1天 09:20  (tick 20) ────────────────────────────
陳金水 
廣場這裡連個鬼影都沒有，再耗下去天都要變了。回廟裡把鐘敲響，我就不信聲音這麼大，
還招不回人。
    → 前往 鎮廟
張鐵雄 
阿德慌了，但他是守望人，越是這種時候越不能被他帶著走。只要那道白線還沒壓近，焊閘
就是自尋死路，我必須讓他安靜下來聽我的。
    → 
「閉嘴，阿德。我是鐵匠，不是算命的。沒看到海上的白線壓過來，這閘就是不能動，你再
吵也沒用，盯著你的海面看清楚。」
林美華 
阿海居然在勸人上高地，這倒省了我不少力氣。先把這兩個人的動向敲定，我必須馬上去鎮
廟找陳金水。
    → 
「阿海，你做得好。把人都趕上高地，別讓他們在廣場擠著。我現在要去廟裡，金水伯若還
沒起醮，你就去幫忙敲鐘，這場醮一定要成。」
阿海 
阿旺總算平安上岸了，剩下的就是聽村長的話，先把他送去高地避難，再去廣場幫忙疏散。
別讓鐵雄一個人扛著，全鎮的安危不能再拖了。
    → 前往 高地
阿旺 
阿海這傢伙終於肯聽勸了，得抓緊機會把他帶離海邊，要是讓他跑回海堤鬧事，誰都救不了
。我得趕快帶他上高地，這才是最穩的。
    → 「好，聽你的，我們現在就往高地去，慢了怕是要淹到腳踝了。」
黃秀英 
我已經在高地站穩，但這地方還不夠亂。下面廣場那邊，人要是再擠下去，不用等海水，現
在就得踩死人。
阿德 
這傢伙真是要把人急死，現在都什麼時候了還在看白線。再拖下去，別說漁港廢不廢，整個
嵐潮鎮都要被淹平了。
    → 
「鐵雄，你看看那邊的雲色，那不是白線沒起，是風頭已經變了！亥時一過誰也救不了，你
這閘要是現在不焊，等水一進來，咱們全都得死在海裡，漁港還留著給誰用？」
阿海 
阿旺總算平安上岸了，這下沒什麼好操心的，該聽村長的把人送上高地，再去鎮廟幫忙。
    → 前往 高地
※ 阿海 
想通了：阿旺已經安全上岸，我的心結已解，接下來不再是為了他個人而戰，而是為了守住
全庄的活路。；林美華指出的方向沒錯，鎮廟的醮與高地的疏散，才是現在決定大家能不能
活下來的關鍵。
※ 阿旺 
想通了：阿海終於不再執著要衝回海堤鬧事，只要現在順勢把他帶去高地，他就能活。；漁
市這種低處待不得，現在唯一的目標就是跟著村長的指揮往高地移動，絕不能半途改變主意
。
※ 阿德 
想通了：張鐵雄對「白線」的執著已經超越了對潮汐的判斷，他是為了捍衛自己的準則，而
非為了護航，再跟他爭論船隻問題完全沒用。；繼續跟他僵在海堤吵架只是在浪費時間，我
必須承認說服他已經失敗，現在需要找村長來下硬命令，或者我自己設法封閘。
──────────────────────────── 第1天 09:30  (tick 21) ────────────────────────────
張鐵雄 
這傢伙又在瞎嚷嚷，雲色風頭變了又怎樣？沒見著海面那條白線，誰也別想讓我碰這水閘。
漁港是全村的口子，不能因為他幾句嚇唬就自斷生路。
    → 
「你慌什麼？風頭變了浪頭還沒起，現在焊死水閘，進出的船怎麼辦？給我盯著海面，那道
白線一壓過來，不用你說，我自己會焊。」
林美華 
阿旺回來了，總算少個麻煩。現在鎮廟那邊要是陳金水還沒動，我得親自逼他起醮，這是一
刻都不能等的命脈。
    → 前往 鎮廟
阿旺 
阿海終於肯走了，這傢伙只要心一亂，什麼事都做得出來，我得死死盯著他，別讓他半路又
想回頭。
    → 前往 高地
黃秀英 
剛剛從高地走下來，廣場看起來還是太亂了。得去看看林美華有沒有照剛才說的把人帶上高
地，不然這群人聚在這等潮水淹嗎？
    → 前往 村長宅
阿德 
這瘋子居然還在等什麼鬼白線，阿旺早就上岸了，他根本是在找死！我不能再跟他好聲好氣
，鐵雄今天焊也得焊，不焊也得焊。
阿德 
阿旺都回來了，還在跟我提什麼進出的船？這老東西是怕死還是怕麻煩，非要等到死人才肯
動手。
    → 
「鐵雄，阿旺那條船早就進港了，現在漁港空蕩蕩的，還哪來的船要進出？別再拿『白線』
當藉口，這水閘你要是現在不焊死，等浪頭真的蓋過來，我們誰都沒命焊！」
──────────────────────────── 第1天 09:40  (tick 22) ────────────────────────────
陳金水 
廟裡一個人也沒有，連個香客都抓不到。我得先把這口破鐘敲響，那聲音能傳到廣場去，總
有人會往這兒跑。
    → 敲響鎮廟的大鐘，把鎮上還在亂竄的人往這裡招
張鐵雄 
這小子嚇得臉色都發白了，他說的沒錯，這港裡確實沒船了。再拖下去恐怕真的來不及，這
閘，焊了。
阿海 
阿旺安全了，心裡的石頭終於落了地。現在水閘的事既然鐵雄是對的，那就讓他焊，我得按
計畫趕緊把阿旺送上高地，然後去鎮廟幫金水伯守醮，這才是保命的正路。
    → 前往 高地
阿德 
阿旺明明已經上岸了，張鐵雄這老固執還在發什麼呆？這水閘今天不焊死，誰都別想活。
    → 
「鐵雄，阿旺人都回來了，你還在那邊看什麼海？工具拿出來，現在就焊，你要是還不開工
，我就去把村長架過來，到時候你臉上更難看。」
張鐵雄 
阿德這傢伙急得跟什麼一樣，但只要我沒看到那道白線，這閘就不能動。我就不信他是瞎了
還是怕瘋了，非要現在就焊，但我不能讓他去找村長來亂，得先安撫住他。
    → 
「阿德，你是守望人，該知道這水閘一封，漁港就成死水。現在浪還沒起，你急著把全村的
生路堵死？我就站在這裡，白線一冒頭，不用你催，我親手焊死它。」
※ 張鐵雄 
想通了：阿德目前的恐慌已經到了極限，如果我再不給他具體的安撫或承諾，他極有可能失
控去尋找村長或其他人，導致海堤這邊陷入無法收拾的混亂。；阿海出現在海堤增加了現場
的不確定性，雖然他擔心阿旺，但我必須讓他明白，水閘不封是因為潮訊未到，提前封死只
是自斷生路，這樣才能讓他們安靜下來。
──────────────────────────── 第1天 09:50  (tick 23) ────────────────────────────
張鐵雄 
阿海跟阿旺已經去高地了，清靜了。阿德還在旁邊抖，得讓他安下心，我還沒看到那道白線
，絕不能輕舉妄動。
    → 
「阿德，別像個娘們一樣抖。外海船都回了，接下來就是跟海拚命的事。你把眼睛給我睜大
，看到海平線那道白線湧過來，馬上告訴我，我這就把閘焊死，一個子兒都不會少。」
阿海 
阿旺平安上岸，心裡大石放下，我也不用去攔鐵雄了。現在當務之急是確保阿旺這小子別再
亂跑，乖乖去高地避難，我也該去鎮廟幫金水伯看醮，這才叫守住鎮子。
    → 前往 高地
阿旺 
阿德那傢伙在逼鐵雄焊閘，要是讓阿海聽見這話，他指不定又想回海堤去搞事。我得趕緊把
這傻兄弟扯住，直接帶上高地，海面的事交給鐵雄去辦，我們的命要緊。
    → 
「阿海，你聽到了嗎？鐵雄要焊閘了，那是他的事，我們別去礙手礙腳。聽我的，現在就上
高地，別再回頭看海了。」
黃秀英 既然美華在屋裡，得確認她已經通知大家往高地撤，沒時間寒暄了。
    → 
「美華，人都在往高地撤了嗎？我剛從上面下來，沒秩序會踩踏，你得趕緊發令叫人分批走
，不能讓廣場擠死！」
阿德 
這瘋子還在等白線，等到白線頭都淹沒了，這鎮子早完了。既然他不聽，那就沒必要講道理
，得讓他把手動起來，或者讓他知道，這水閘今天非焊不可。
    → 
「鐵雄，你不焊，我來焊。就算弄壞了閘，也比現在就看著水灌進來強！你讓開，這閘我封
定了。」
阿海 
阿旺都已經腳踏實地了，我還擔心個什麼勁？鐵雄焊他的閘，我帶阿旺上高地，這是現在最
要緊的兩件事，誰也別耽誤誰。
    → 前往 高地
※ 黃秀英 
想通了：廣場是全鎮混亂的根源，若村長林美華不露面，必須由我直接接手指揮疏散，不能
浪費時間在找人上。；依靠村長的行政職權來疏散已是緩不濟急，我在鎮民心中的醫者威信
，在恐慌時刻比官威更能讓他們聽命。
※ 阿德 
想通了：張鐵雄對於「白線」的堅持已是病態的自負，靠我單獨與他爭論，他絕對不會動手
。；阿旺人就在眼前，這是拆穿鐵雄藉口最好的籌碼，再拿「漁港航道」當藉口，張鐵雄就
是在睜眼說瞎話。
──────────────────────────── 第1天 10:00  (tick 24) ────────────────────────────
陳金水 
美華來了，謝天謝地，得趁現在把她拉住。只要她人進了廟，我就能開口請她作證，這醮才
有希望。
    → 
「村長！別急著走，快進廟裡來！這時辰點香要緊，妳得留下來見證這場醮，否則鎮上怕是
真要留不住了！」
張鐵雄 
潮訊到了，閘縫冒白沫，這就是那道白線的前兆。阿德這蠢貨想動手，我得讓他滾一邊去，
這閘只有我焊得好。
阿旺 
阿德跟鐵雄吵死我也管不著，現在唯一的生路是高地，我得把阿海死拉硬拽也要帶走。
    → 「阿海！別管海堤那邊的瘋子，跟我走，去高地！」
黃秀英 
該做的事都了了，現在留在村長宅沒意義，得去廣場看看那些驚慌的人，趁亂散前再穩住幾
波。得把疏散的順序定死，誰該先上高地，得清清楚楚。
    → 前往 廣場
阿德 
水閘縫裡已經冒白沫了，還等個屁的白線！這傢伙再這麼死腦筋，真的要害死所有人。得直
接催他動手，這時候什麼面子、什麼準頭，都比不過趕緊把閘封死！
    → 
「鐵雄，你看清楚！這冒出來的白沫就是那道線了！潮水已經頂在嗓子眼，你要是再不動手
，連焊槍都沒機會拿出來，現在就給我封閘！」
阿海 
阿旺平安上了岸，這場暴潮前的死局解了一半。既然鐵雄要扛起守護海堤的責任，那我就帶
阿旺撤上高地，然後去鎮廟幫忙守醮。
    → 前往 高地
張鐵雄 
這老小子既然敢喊，那我就信他一次。船進了，白線起了，現在不動手就是我這鐵匠失職。
◆ 林美華：當面把陳金水說動／對上話，確認起醮／見到了陳金水
──────────────────────────── 第1天 10:10  (tick 25) ────────────────────────────
陳金水 
村長在街道上，再不把她拉住進廟，這場醮就真的開不了了。我就往階梯下走兩步，這距離
她一定聽得見。
    → 前往 街道
張鐵雄 
阿旺船都進港了，阿德這小子還在吵，真當焊個閘跟補漁網一樣隨便嗎。不過他說的也有道
理，漁港確實空了，我可以先安撫他，免得他心慌壞了大事。
    → 
「阿德，閉嘴盯著海面！阿旺人既然回來了，我這就開始準備。浪頭還沒咬過來，急什麼，
閘我會焊，但得由我定時間。」
林美華 醮是這場劫難的保命符，這老頭子動作得快，遲一刻就是多一份風險。
    → 
「金水叔，別光站著，這回是真要命的潮，香火趕緊起，我還要去找人來作證觀禮，你準備
好沒有？」
阿旺 
阿德那老頭還在海堤喊，阿海要是聽見了肯定又要衝回去鬧事，趁他現在往高地走，我趕緊
跟上去盯著，別讓他半路折返。
    → 前往 高地
黃秀英 
廣場這裡現在沒人，顯然大家不是躲起來了，就是已經混亂地往高地擠，我得趕快上去堵著
，免得踩踏。
    → 前往 高地
阿德 
阿旺這小子在說什麼傻話，鐵雄要是現在跑了，這水閘誰焊？這時候走就是送死，絕不能讓
鐵雄聽他的。
    → 
「鐵雄！別聽他的，沒看見潮頭就在腳邊嗎？現在不焊死水門，等水灌進來大家全得埋在海
裡，快點動手！」
陳金水 
美華就在眼前，這剛好。我得留住她，一個人不夠，得讓她再拉個人來，或者她自己就是一
個，再湊一個我就能起醮了。
    → 
「美華，別找了，妳現在就進廟，妳就是第一個作證的人！再隨便拽一個路過的過來，這醮
馬上起，這比妳在外面跑破腿有用！」
